
Allocating common symbols
Common symbol       size              file

_gpio_header        0x1c              main.o

Memory Configuration

Name             Origin             Length             Attributes
*default*        0x0000000000000000 0xffffffffffffffff

Linker script and memory map

LOAD /usr2/kukhkim/workspace/kukhkim/sevkh_02/kukhkim_QXA.QA.5.0.r1-00090-SA8155P.HYP-1_20200601_160158/qnx_ap/qnx_bins/prebuilt_QNX700/target/qnx7/aarch64le/lib/crt1.o
LOAD /usr2/kukhkim/workspace/kukhkim/sevkh_02/kukhkim_QXA.QA.5.0.r1-00090-SA8155P.HYP-1_20200601_160158/qnx_ap/qnx_bins/prebuilt_QNX700/target/qnx7/aarch64le/lib/crti.o
LOAD /usr2/kukhkim/workspace/kukhkim/sevkh_02/kukhkim_QXA.QA.5.0.r1-00090-SA8155P.HYP-1_20200601_160158/qnx_ap/qnx_bins/prebuilt_QNX700/host/linux/x86_64/usr/lib/gcc/aarch64-unknown-nto-qnx7.0.0/5.4.0//crtbegin.o
LOAD main.o
LOAD /usr2/kukhkim/workspace/kukhkim/sevkh_02/kukhkim_QXA.QA.5.0.r1-00090-SA8155P.HYP-1_20200601_160158/qnx_ap/qnx_bins/prebuilt_QNX700/target/qnx7/aarch64le/lib/libslog2.so
LOAD /usr2/kukhkim/workspace/kukhkim/sevkh_02/kukhkim_QXA.QA.5.0.r1-00090-SA8155P.HYP-1_20200601_160158/qnx_ap/install/aarch64le/lib/libgpio_clientS.a
LOAD /usr2/kukhkim/workspace/kukhkim/sevkh_02/kukhkim_QXA.QA.5.0.r1-00090-SA8155P.HYP-1_20200601_160158/qnx_ap/install/aarch64le/lib/libpmic_clientS.a
LOAD /usr2/kukhkim/workspace/kukhkim/sevkh_02/kukhkim_QXA.QA.5.0.r1-00090-SA8155P.HYP-1_20200601_160158/qnx_ap/install/aarch64le/lib/libspmi_clientS.a
LOAD /usr2/kukhkim/workspace/kukhkim/sevkh_02/kukhkim_QXA.QA.5.0.r1-00090-SA8155P.HYP-1_20200601_160158/qnx_ap/install/aarch64le/lib/libgpio_client.so
LOAD /usr2/kukhkim/workspace/kukhkim/sevkh_02/kukhkim_QXA.QA.5.0.r1-00090-SA8155P.HYP-1_20200601_160158/qnx_ap/install/aarch64le/lib/libchipinfoS.a
LOAD /usr2/kukhkim/workspace/kukhkim/sevkh_02/kukhkim_QXA.QA.5.0.r1-00090-SA8155P.HYP-1_20200601_160158/qnx_ap/install/aarch64le/lib/libdalsysS.a
LOAD /usr2/kukhkim/workspace/kukhkim/sevkh_02/kukhkim_QXA.QA.5.0.r1-00090-SA8155P.HYP-1_20200601_160158/qnx_ap/qnx_bins/prebuilt_QNX700/target/qnx7/aarch64le/lib/libslog2.so
LOAD /usr2/kukhkim/workspace/kukhkim/sevkh_02/kukhkim_QXA.QA.5.0.r1-00090-SA8155P.HYP-1_20200601_160158/qnx_ap/install/aarch64le/lib/libdalcfgS.a
LOAD /usr2/kukhkim/workspace/kukhkim/sevkh_02/kukhkim_QXA.QA.5.0.r1-00090-SA8155P.HYP-1_20200601_160158/qnx_ap/install/aarch64le/lib/libnspinclockcyclesS.a
LOAD /usr2/kukhkim/workspace/kukhkim/sevkh_02/kukhkim_QXA.QA.5.0.r1-00090-SA8155P.HYP-1_20200601_160158/qnx_ap/install/aarch64le/lib/libdalconfig.so
LOAD /usr2/kukhkim/workspace/kukhkim/sevkh_02/kukhkim_QXA.QA.5.0.r1-00090-SA8155P.HYP-1_20200601_160158/qnx_ap/install/aarch64le/lib/libsmemS.a
LOAD /usr2/kukhkim/workspace/kukhkim/sevkh_02/kukhkim_QXA.QA.5.0.r1-00090-SA8155P.HYP-1_20200601_160158/qnx_ap/install/aarch64le/lib/libhwioS.a
LOAD /usr2/kukhkim/workspace/kukhkim/sevkh_02/kukhkim_QXA.QA.5.0.r1-00090-SA8155P.HYP-1_20200601_160158/qnx_ap/qnx_bins/prebuilt_QNX700/host/linux/x86_64/usr/lib/gcc/aarch64-unknown-nto-qnx7.0.0/5.4.0//libgcc.a
LOAD /usr2/kukhkim/workspace/kukhkim/sevkh_02/kukhkim_QXA.QA.5.0.r1-00090-SA8155P.HYP-1_20200601_160158/qnx_ap/qnx_bins/prebuilt_QNX700/target/qnx7/aarch64le/lib/libc.so
LOAD /usr2/kukhkim/workspace/kukhkim/sevkh_02/kukhkim_QXA.QA.5.0.r1-00090-SA8155P.HYP-1_20200601_160158/qnx_ap/qnx_bins/prebuilt_QNX700/target/qnx7/aarch64le/lib/libcS.a
LOAD /usr2/kukhkim/workspace/kukhkim/sevkh_02/kukhkim_QXA.QA.5.0.r1-00090-SA8155P.HYP-1_20200601_160158/qnx_ap/qnx_bins/prebuilt_QNX700/host/linux/x86_64/usr/lib/gcc/aarch64-unknown-nto-qnx7.0.0/5.4.0//libgcc.a
LOAD /usr2/kukhkim/workspace/kukhkim/sevkh_02/kukhkim_QXA.QA.5.0.r1-00090-SA8155P.HYP-1_20200601_160158/qnx_ap/qnx_bins/prebuilt_QNX700/host/linux/x86_64/usr/lib/gcc/aarch64-unknown-nto-qnx7.0.0/5.4.0//crtend.o
LOAD /usr2/kukhkim/workspace/kukhkim/sevkh_02/kukhkim_QXA.QA.5.0.r1-00090-SA8155P.HYP-1_20200601_160158/qnx_ap/qnx_bins/prebuilt_QNX700/target/qnx7/aarch64le/lib/crtn.o
                [!provide]                        PROVIDE (__executable_start, 0x0)
                0x0000000000000200                . = (0x0 + SIZEOF_HEADERS)

.interp         0x0000000000000200       0x17
 *(.interp)
 .interp        0x0000000000000200       0x17 /usr2/kukhkim/workspace/kukhkim/sevkh_02/kukhkim_QXA.QA.5.0.r1-00090-SA8155P.HYP-1_20200601_160158/qnx_ap/qnx_bins/prebuilt_QNX700/target/qnx7/aarch64le/lib/crt1.o

.note           0x0000000000000217       0x18
 .note          0x0000000000000217       0x18 /usr2/kukhkim/workspace/kukhkim/sevkh_02/kukhkim_QXA.QA.5.0.r1-00090-SA8155P.HYP-1_20200601_160158/qnx_ap/qnx_bins/prebuilt_QNX700/target/qnx7/aarch64le/lib/crtn.o

.note.gnu.build-id
                0x0000000000000230       0x20
 *(.note.gnu.build-id)
 .note.gnu.build-id
                0x0000000000000230       0x20 /usr2/kukhkim/workspace/kukhkim/sevkh_02/kukhkim_QXA.QA.5.0.r1-00090-SA8155P.HYP-1_20200601_160158/qnx_ap/qnx_bins/prebuilt_QNX700/target/qnx7/aarch64le/lib/crt1.o

.hash
 *(.hash)

.gnu.hash       0x0000000000000250       0x4c
 *(.gnu.hash)
 .gnu.hash      0x0000000000000250       0x4c /usr2/kukhkim/workspace/kukhkim/sevkh_02/kukhkim_QXA.QA.5.0.r1-00090-SA8155P.HYP-1_20200601_160158/qnx_ap/qnx_bins/prebuilt_QNX700/target/qnx7/aarch64le/lib/crt1.o

.dynsym         0x00000000000002a0      0x3c0
 *(.dynsym)
 .dynsym        0x00000000000002a0      0x3c0 /usr2/kukhkim/workspace/kukhkim/sevkh_02/kukhkim_QXA.QA.5.0.r1-00090-SA8155P.HYP-1_20200601_160158/qnx_ap/qnx_bins/prebuilt_QNX700/target/qnx7/aarch64le/lib/crt1.o

.dynstr         0x0000000000000660      0x21c
 *(.dynstr)
 .dynstr        0x0000000000000660      0x21c /usr2/kukhkim/workspace/kukhkim/sevkh_02/kukhkim_QXA.QA.5.0.r1-00090-SA8155P.HYP-1_20200601_160158/qnx_ap/qnx_bins/prebuilt_QNX700/target/qnx7/aarch64le/lib/crt1.o

.gnu.version    0x000000000000087c        0x0
 *(.gnu.version)
 .gnu.version   0x000000000000087c        0x0 /usr2/kukhkim/workspace/kukhkim/sevkh_02/kukhkim_QXA.QA.5.0.r1-00090-SA8155P.HYP-1_20200601_160158/qnx_ap/qnx_bins/prebuilt_QNX700/target/qnx7/aarch64le/lib/crt1.o

.gnu.version_d  0x0000000000000880        0x0
 *(.gnu.version_d)
 .gnu.version_d
                0x0000000000000880        0x0 /usr2/kukhkim/workspace/kukhkim/sevkh_02/kukhkim_QXA.QA.5.0.r1-00090-SA8155P.HYP-1_20200601_160158/qnx_ap/qnx_bins/prebuilt_QNX700/target/qnx7/aarch64le/lib/crt1.o

.gnu.version_r  0x0000000000000880        0x0
 *(.gnu.version_r)
 .gnu.version_r
                0x0000000000000880        0x0 /usr2/kukhkim/workspace/kukhkim/sevkh_02/kukhkim_QXA.QA.5.0.r1-00090-SA8155P.HYP-1_20200601_160158/qnx_ap/qnx_bins/prebuilt_QNX700/target/qnx7/aarch64le/lib/crt1.o

.rela.dyn       0x0000000000000880      0x108
 *(.rela.init)
 *(.rela.text .rela.text.* .rela.gnu.linkonce.t.*)
 *(.rela.fini)
 *(.rela.rodata .rela.rodata.* .rela.gnu.linkonce.r.*)
 *(.rela.data .rela.data.* .rela.gnu.linkonce.d.*)
 .rela.data.rel.local
                0x0000000000000880       0x18 /usr2/kukhkim/workspace/kukhkim/sevkh_02/kukhkim_QXA.QA.5.0.r1-00090-SA8155P.HYP-1_20200601_160158/qnx_ap/qnx_bins/prebuilt_QNX700/target/qnx7/aarch64le/lib/crt1.o
 *(.rela.tdata .rela.tdata.* .rela.gnu.linkonce.td.*)
 *(.rela.tbss .rela.tbss.* .rela.gnu.linkonce.tb.*)
 *(.rela.ctors)
 *(.rela.dtors)
 *(.rela.got)
 .rela.got      0x0000000000000898       0xc0 /usr2/kukhkim/workspace/kukhkim/sevkh_02/kukhkim_QXA.QA.5.0.r1-00090-SA8155P.HYP-1_20200601_160158/qnx_ap/qnx_bins/prebuilt_QNX700/target/qnx7/aarch64le/lib/crt1.o
 *(.rela.bss .rela.bss.* .rela.gnu.linkonce.b.*)
 *(.rela.ifunc)
 .rela.ifunc    0x0000000000000958        0x0 /usr2/kukhkim/workspace/kukhkim/sevkh_02/kukhkim_QXA.QA.5.0.r1-00090-SA8155P.HYP-1_20200601_160158/qnx_ap/qnx_bins/prebuilt_QNX700/target/qnx7/aarch64le/lib/crt1.o
 .rela.fini_array
                0x0000000000000958       0x18 /usr2/kukhkim/workspace/kukhkim/sevkh_02/kukhkim_QXA.QA.5.0.r1-00090-SA8155P.HYP-1_20200601_160158/qnx_ap/qnx_bins/prebuilt_QNX700/target/qnx7/aarch64le/lib/crt1.o
 .rela.init_array
                0x0000000000000970       0x18 /usr2/kukhkim/workspace/kukhkim/sevkh_02/kukhkim_QXA.QA.5.0.r1-00090-SA8155P.HYP-1_20200601_160158/qnx_ap/qnx_bins/prebuilt_QNX700/target/qnx7/aarch64le/lib/crt1.o

.rela.plt       0x0000000000000988      0x210
 *(.rela.plt)
 .rela.plt      0x0000000000000988      0x210 /usr2/kukhkim/workspace/kukhkim/sevkh_02/kukhkim_QXA.QA.5.0.r1-00090-SA8155P.HYP-1_20200601_160158/qnx_ap/qnx_bins/prebuilt_QNX700/target/qnx7/aarch64le/lib/crt1.o
                [!provide]                        PROVIDE (__rela_iplt_start, .)
 *(.rela.iplt)
                [!provide]                        PROVIDE (__rela_iplt_end, .)

.init
 *(SORT(.init))

.plt            0x0000000000000ba0      0x180
 *(.plt)
 .plt           0x0000000000000ba0      0x180 /usr2/kukhkim/workspace/kukhkim/sevkh_02/kukhkim_QXA.QA.5.0.r1-00090-SA8155P.HYP-1_20200601_160158/qnx_ap/qnx_bins/prebuilt_QNX700/target/qnx7/aarch64le/lib/crt1.o
 *(.iplt)

.text           0x0000000000000d20      0x3c0
                0x0000000000000d20                _btext = .
 *(.text.unlikely .text.*_unlikely .text.unlikely.*)
 *(.text.exit .text.exit.*)
 *(.text.startup .text.startup.*)
 .text.startup  0x0000000000000d20      0x200 main.o
                0x0000000000000d20                main
 *(.text.hot .text.hot.*)
 *(.text .stub .text.* .gnu.linkonce.t.*)
 .text          0x0000000000000f20       0x90 /usr2/kukhkim/workspace/kukhkim/sevkh_02/kukhkim_QXA.QA.5.0.r1-00090-SA8155P.HYP-1_20200601_160158/qnx_ap/qnx_bins/prebuilt_QNX700/target/qnx7/aarch64le/lib/crt1.o
                0x0000000000000f20                _start
 .text          0x0000000000000fb0        0x0 /usr2/kukhkim/workspace/kukhkim/sevkh_02/kukhkim_QXA.QA.5.0.r1-00090-SA8155P.HYP-1_20200601_160158/qnx_ap/qnx_bins/prebuilt_QNX700/target/qnx7/aarch64le/lib/crti.o
 .text          0x0000000000000fb0      0x130 /usr2/kukhkim/workspace/kukhkim/sevkh_02/kukhkim_QXA.QA.5.0.r1-00090-SA8155P.HYP-1_20200601_160158/qnx_ap/qnx_bins/prebuilt_QNX700/host/linux/x86_64/usr/lib/gcc/aarch64-unknown-nto-qnx7.0.0/5.4.0//crtbegin.o
 .text          0x00000000000010e0        0x0 main.o
 .text          0x00000000000010e0        0x0 /usr2/kukhkim/workspace/kukhkim/sevkh_02/kukhkim_QXA.QA.5.0.r1-00090-SA8155P.HYP-1_20200601_160158/qnx_ap/qnx_bins/prebuilt_QNX700/host/linux/x86_64/usr/lib/gcc/aarch64-unknown-nto-qnx7.0.0/5.4.0//crtend.o
 .text          0x00000000000010e0        0x0 /usr2/kukhkim/workspace/kukhkim/sevkh_02/kukhkim_QXA.QA.5.0.r1-00090-SA8155P.HYP-1_20200601_160158/qnx_ap/qnx_bins/prebuilt_QNX700/target/qnx7/aarch64le/lib/crtn.o
 *(.gnu.warning)

.fini
 *(SORT(.fini))
                [!provide]                        PROVIDE (__etext, .)
                [!provide]                        PROVIDE (_etext, .)
                [!provide]                        PROVIDE (etext, .)

.rodata         0x00000000000010e0       0xc4
 *(.rodata .rodata.* .gnu.linkonce.r.*)
 .rodata.str1.1
                0x00000000000010e0       0xc4 main.o

.rodata1
 *(.rodata1)

.eh_frame_hdr   0x00000000000011a4        0x0
 *(.eh_frame_hdr)
 .eh_frame_hdr  0x00000000000011a4        0x0 /usr2/kukhkim/workspace/kukhkim/sevkh_02/kukhkim_QXA.QA.5.0.r1-00090-SA8155P.HYP-1_20200601_160158/qnx_ap/qnx_bins/prebuilt_QNX700/target/qnx7/aarch64le/lib/crtn.o

.eh_frame       0x00000000000011a4        0x4
 *(.eh_frame)
 .eh_frame      0x00000000000011a4        0x0 /usr2/kukhkim/workspace/kukhkim/sevkh_02/kukhkim_QXA.QA.5.0.r1-00090-SA8155P.HYP-1_20200601_160158/qnx_ap/qnx_bins/prebuilt_QNX700/host/linux/x86_64/usr/lib/gcc/aarch64-unknown-nto-qnx7.0.0/5.4.0//crtbegin.o
 .eh_frame      0x00000000000011a4        0x4 /usr2/kukhkim/workspace/kukhkim/sevkh_02/kukhkim_QXA.QA.5.0.r1-00090-SA8155P.HYP-1_20200601_160158/qnx_ap/qnx_bins/prebuilt_QNX700/host/linux/x86_64/usr/lib/gcc/aarch64-unknown-nto-qnx7.0.0/5.4.0//crtend.o

.gcc_except_table
 *(.gcc_except_table .gcc_except_table.*)

.exception_ranges
 *(.exception_ranges .exception_ranges*)
                0x00000000000011a8                . = (ALIGN (0x10000) - ((0x10000 - .) & 0xffff))
                0x0000000000011d08                . = DATA_SEGMENT_ALIGN (0x10000, 0x1000)

.eh_frame
 *(.eh_frame)

.gcc_except_table
 *(.gcc_except_table .gcc_except_table.*)

.exception_ranges
 *(.exception_ranges .exception_ranges*)

.tdata
 *(.tdata .tdata.* .gnu.linkonce.td.*)

.tbss
 *(.tbss .tbss.* .gnu.linkonce.tb.*)
 *(.tcommon)

.preinit_array  0x0000000000011d08        0x0
                0x0000000000011d08                PROVIDE (__preinit_array_start, .)
 *(.preinit_array)
                0x0000000000011d08                PROVIDE (__preinit_array_end, .)

.init_array     0x0000000000011d08        0x8
                0x0000000000011d08                PROVIDE (__init_array_start, .)
 *(SORT(.init_array.*) SORT(.ctors.*))
 *(.init_array EXCLUDE_FILE(*crtend?.o *crtend.o *crtbegin?.o *crtbegin.o) .ctors)
 .init_array    0x0000000000011d08        0x8 /usr2/kukhkim/workspace/kukhkim/sevkh_02/kukhkim_QXA.QA.5.0.r1-00090-SA8155P.HYP-1_20200601_160158/qnx_ap/qnx_bins/prebuilt_QNX700/host/linux/x86_64/usr/lib/gcc/aarch64-unknown-nto-qnx7.0.0/5.4.0//crtbegin.o
                0x0000000000011d10                PROVIDE (__init_array_end, .)

.fini_array     0x0000000000011d10        0x8
                0x0000000000011d10                PROVIDE (__fini_array_start, .)
 *(SORT(.fini_array.*) SORT(.dtors.*))
 *(.fini_array EXCLUDE_FILE(*crtend?.o *crtend.o *crtbegin?.o *crtbegin.o) .dtors)
 .fini_array    0x0000000000011d10        0x8 /usr2/kukhkim/workspace/kukhkim/sevkh_02/kukhkim_QXA.QA.5.0.r1-00090-SA8155P.HYP-1_20200601_160158/qnx_ap/qnx_bins/prebuilt_QNX700/host/linux/x86_64/usr/lib/gcc/aarch64-unknown-nto-qnx7.0.0/5.4.0//crtbegin.o
                0x0000000000011d18                PROVIDE (__fini_array_end, .)

.ctors
 *crtbegin.o(.ctors)
 *crtbegin?.o(.ctors)
 *(EXCLUDE_FILE(*crtend?.o *crtend.o) .ctors)
 *(SORT(.ctors.*))
 *(.ctors)

.dtors
 *crtbegin.o(.dtors)
 *crtbegin?.o(.dtors)
 *(EXCLUDE_FILE(*crtend?.o *crtend.o) .dtors)
 *(SORT(.dtors.*))
 *(.dtors)

.jcr            0x0000000000011d18        0x8
 *(.jcr)
 .jcr           0x0000000000011d18        0x0 /usr2/kukhkim/workspace/kukhkim/sevkh_02/kukhkim_QXA.QA.5.0.r1-00090-SA8155P.HYP-1_20200601_160158/qnx_ap/qnx_bins/prebuilt_QNX700/host/linux/x86_64/usr/lib/gcc/aarch64-unknown-nto-qnx7.0.0/5.4.0//crtbegin.o
 .jcr           0x0000000000011d18        0x8 /usr2/kukhkim/workspace/kukhkim/sevkh_02/kukhkim_QXA.QA.5.0.r1-00090-SA8155P.HYP-1_20200601_160158/qnx_ap/qnx_bins/prebuilt_QNX700/host/linux/x86_64/usr/lib/gcc/aarch64-unknown-nto-qnx7.0.0/5.4.0//crtend.o

.data.rel.ro
 *(.data.rel.ro.local* .gnu.linkonce.d.rel.ro.local.*)
 *(.data.rel.ro .data.rel.ro.* .gnu.linkonce.d.rel.ro.*)

.dynamic        0x0000000000011d20      0x1d0
 *(.dynamic)
 .dynamic       0x0000000000011d20      0x1d0 /usr2/kukhkim/workspace/kukhkim/sevkh_02/kukhkim_QXA.QA.5.0.r1-00090-SA8155P.HYP-1_20200601_160158/qnx_ap/qnx_bins/prebuilt_QNX700/target/qnx7/aarch64le/lib/crt1.o
                0x0000000000011d20                _DYNAMIC

.got            0x0000000000011ef0      0x110
 *(.got.plt)
 .got.plt       0x0000000000011ef0       0xc8 /usr2/kukhkim/workspace/kukhkim/sevkh_02/kukhkim_QXA.QA.5.0.r1-00090-SA8155P.HYP-1_20200601_160158/qnx_ap/qnx_bins/prebuilt_QNX700/target/qnx7/aarch64le/lib/crt1.o
 *(.igot.plt)
 *(.got)
 .got           0x0000000000011fb8       0x48 /usr2/kukhkim/workspace/kukhkim/sevkh_02/kukhkim_QXA.QA.5.0.r1-00090-SA8155P.HYP-1_20200601_160158/qnx_ap/qnx_bins/prebuilt_QNX700/target/qnx7/aarch64le/lib/crt1.o
                0x0000000000011fb8                _GLOBAL_OFFSET_TABLE_
 *(.igot)
                0x0000000000012000                . = DATA_SEGMENT_RELRO_END (., 0x0)

.data           0x0000000000012000        0x8
                [!provide]                        PROVIDE (__data_start, .)
 *(.data .data.* .gnu.linkonce.d.*)
 .data          0x0000000000012000        0x0 /usr2/kukhkim/workspace/kukhkim/sevkh_02/kukhkim_QXA.QA.5.0.r1-00090-SA8155P.HYP-1_20200601_160158/qnx_ap/qnx_bins/prebuilt_QNX700/target/qnx7/aarch64le/lib/crt1.o
 .data          0x0000000000012000        0x0 /usr2/kukhkim/workspace/kukhkim/sevkh_02/kukhkim_QXA.QA.5.0.r1-00090-SA8155P.HYP-1_20200601_160158/qnx_ap/qnx_bins/prebuilt_QNX700/target/qnx7/aarch64le/lib/crti.o
 .data          0x0000000000012000        0x0 /usr2/kukhkim/workspace/kukhkim/sevkh_02/kukhkim_QXA.QA.5.0.r1-00090-SA8155P.HYP-1_20200601_160158/qnx_ap/qnx_bins/prebuilt_QNX700/host/linux/x86_64/usr/lib/gcc/aarch64-unknown-nto-qnx7.0.0/5.4.0//crtbegin.o
 .data.rel.local
                0x0000000000012000        0x8 /usr2/kukhkim/workspace/kukhkim/sevkh_02/kukhkim_QXA.QA.5.0.r1-00090-SA8155P.HYP-1_20200601_160158/qnx_ap/qnx_bins/prebuilt_QNX700/host/linux/x86_64/usr/lib/gcc/aarch64-unknown-nto-qnx7.0.0/5.4.0//crtbegin.o
                0x0000000000012000                __dso_handle
 .data          0x0000000000012008        0x0 main.o
 .data          0x0000000000012008        0x0 /usr2/kukhkim/workspace/kukhkim/sevkh_02/kukhkim_QXA.QA.5.0.r1-00090-SA8155P.HYP-1_20200601_160158/qnx_ap/qnx_bins/prebuilt_QNX700/host/linux/x86_64/usr/lib/gcc/aarch64-unknown-nto-qnx7.0.0/5.4.0//crtend.o
 .data          0x0000000000012008        0x0 /usr2/kukhkim/workspace/kukhkim/sevkh_02/kukhkim_QXA.QA.5.0.r1-00090-SA8155P.HYP-1_20200601_160158/qnx_ap/qnx_bins/prebuilt_QNX700/target/qnx7/aarch64le/lib/crtn.o

.tm_clone_table
                0x0000000000012008        0x0
 .tm_clone_table
                0x0000000000012008        0x0 /usr2/kukhkim/workspace/kukhkim/sevkh_02/kukhkim_QXA.QA.5.0.r1-00090-SA8155P.HYP-1_20200601_160158/qnx_ap/qnx_bins/prebuilt_QNX700/host/linux/x86_64/usr/lib/gcc/aarch64-unknown-nto-qnx7.0.0/5.4.0//crtbegin.o
 .tm_clone_table
                0x0000000000012008        0x0 /usr2/kukhkim/workspace/kukhkim/sevkh_02/kukhkim_QXA.QA.5.0.r1-00090-SA8155P.HYP-1_20200601_160158/qnx_ap/qnx_bins/prebuilt_QNX700/host/linux/x86_64/usr/lib/gcc/aarch64-unknown-nto-qnx7.0.0/5.4.0//crtend.o

.data1
 *(.data1)
                0x0000000000012008                _edata = .
                [!provide]                        PROVIDE (edata, .)
                0x0000000000012008                . = .
                0x0000000000012008                __bss_start = .
                0x0000000000012008                __bss_start__ = .

.bss            0x0000000000012008       0x58
 *(.dynbss)
 .dynbss        0x0000000000012008        0x0 /usr2/kukhkim/workspace/kukhkim/sevkh_02/kukhkim_QXA.QA.5.0.r1-00090-SA8155P.HYP-1_20200601_160158/qnx_ap/qnx_bins/prebuilt_QNX700/target/qnx7/aarch64le/lib/crt1.o
 *(.bss .bss.* .gnu.linkonce.b.*)
 .bss           0x0000000000012008        0x0 /usr2/kukhkim/workspace/kukhkim/sevkh_02/kukhkim_QXA.QA.5.0.r1-00090-SA8155P.HYP-1_20200601_160158/qnx_ap/qnx_bins/prebuilt_QNX700/target/qnx7/aarch64le/lib/crt1.o
 .bss           0x0000000000012008        0x0 /usr2/kukhkim/workspace/kukhkim/sevkh_02/kukhkim_QXA.QA.5.0.r1-00090-SA8155P.HYP-1_20200601_160158/qnx_ap/qnx_bins/prebuilt_QNX700/target/qnx7/aarch64le/lib/crti.o
 .bss           0x0000000000012008       0x38 /usr2/kukhkim/workspace/kukhkim/sevkh_02/kukhkim_QXA.QA.5.0.r1-00090-SA8155P.HYP-1_20200601_160158/qnx_ap/qnx_bins/prebuilt_QNX700/host/linux/x86_64/usr/lib/gcc/aarch64-unknown-nto-qnx7.0.0/5.4.0//crtbegin.o
 .bss           0x0000000000012040        0x0 main.o
 .bss           0x0000000000012040        0x0 /usr2/kukhkim/workspace/kukhkim/sevkh_02/kukhkim_QXA.QA.5.0.r1-00090-SA8155P.HYP-1_20200601_160158/qnx_ap/qnx_bins/prebuilt_QNX700/host/linux/x86_64/usr/lib/gcc/aarch64-unknown-nto-qnx7.0.0/5.4.0//crtend.o
 .bss           0x0000000000012040        0x0 /usr2/kukhkim/workspace/kukhkim/sevkh_02/kukhkim_QXA.QA.5.0.r1-00090-SA8155P.HYP-1_20200601_160158/qnx_ap/qnx_bins/prebuilt_QNX700/target/qnx7/aarch64le/lib/crtn.o
 *(COMMON)
 COMMON         0x0000000000012040       0x1c main.o
                0x0000000000012040                _gpio_header
                0x0000000000012060                . = ALIGN ((. != 0x0)?0x8:0x1)
 *fill*         0x000000000001205c        0x4 
                0x0000000000012060                _bss_end__ = .
                0x0000000000012060                __bss_end__ = .
                0x0000000000012060                . = ALIGN (0x8)
                0x0000000000012060                . = SEGMENT_START ("ldata-segment", .)
                0x0000000000012060                . = ALIGN (0x8)
                0x0000000000012060                __end__ = .
                0x0000000000012060                _end = .
                [!provide]                        PROVIDE (end, .)
                0x0000000000012060                . = DATA_SEGMENT_END (.)

.stab
 *(.stab)

.stabstr
 *(.stabstr)

.stab.excl
 *(.stab.excl)

.stab.exclstr
 *(.stab.exclstr)

.stab.index
 *(.stab.index)

.stab.indexstr
 *(.stab.indexstr)

.comment        0x0000000000000000       0x1f
 *(.comment)
 .comment       0x0000000000000000       0x1f /usr2/kukhkim/workspace/kukhkim/sevkh_02/kukhkim_QXA.QA.5.0.r1-00090-SA8155P.HYP-1_20200601_160158/qnx_ap/qnx_bins/prebuilt_QNX700/host/linux/x86_64/usr/lib/gcc/aarch64-unknown-nto-qnx7.0.0/5.4.0//crtbegin.o
                                         0x20 (size before relaxing)
 .comment       0x000000000000001f       0x20 main.o
 .comment       0x000000000000001f       0x20 /usr2/kukhkim/workspace/kukhkim/sevkh_02/kukhkim_QXA.QA.5.0.r1-00090-SA8155P.HYP-1_20200601_160158/qnx_ap/qnx_bins/prebuilt_QNX700/host/linux/x86_64/usr/lib/gcc/aarch64-unknown-nto-qnx7.0.0/5.4.0//crtend.o

.ident          0x0000000000000000      0x138
 .ident         0x0000000000000000       0x68 /usr2/kukhkim/workspace/kukhkim/sevkh_02/kukhkim_QXA.QA.5.0.r1-00090-SA8155P.HYP-1_20200601_160158/qnx_ap/qnx_bins/prebuilt_QNX700/target/qnx7/aarch64le/lib/crt1.o
 .ident         0x0000000000000068       0x68 /usr2/kukhkim/workspace/kukhkim/sevkh_02/kukhkim_QXA.QA.5.0.r1-00090-SA8155P.HYP-1_20200601_160158/qnx_ap/qnx_bins/prebuilt_QNX700/target/qnx7/aarch64le/lib/crti.o
 .ident         0x00000000000000d0       0x68 /usr2/kukhkim/workspace/kukhkim/sevkh_02/kukhkim_QXA.QA.5.0.r1-00090-SA8155P.HYP-1_20200601_160158/qnx_ap/qnx_bins/prebuilt_QNX700/target/qnx7/aarch64le/lib/crtn.o

.debug
 *(.debug)

.line
 *(.line)

.debug_srcinfo
 *(.debug_srcinfo)

.debug_sfnames
 *(.debug_sfnames)

.debug_aranges  0x0000000000000000       0x60
 *(.debug_aranges)
 .debug_aranges
                0x0000000000000000       0x30 /usr2/kukhkim/workspace/kukhkim/sevkh_02/kukhkim_QXA.QA.5.0.r1-00090-SA8155P.HYP-1_20200601_160158/qnx_ap/qnx_bins/prebuilt_QNX700/target/qnx7/aarch64le/lib/crt1.o
 .debug_aranges
                0x0000000000000030       0x30 main.o

.debug_pubnames
 *(.debug_pubnames)

.debug_info     0x0000000000000000      0x763
 *(.debug_info .gnu.linkonce.wi.*)
 .debug_info    0x0000000000000000       0xb6 /usr2/kukhkim/workspace/kukhkim/sevkh_02/kukhkim_QXA.QA.5.0.r1-00090-SA8155P.HYP-1_20200601_160158/qnx_ap/qnx_bins/prebuilt_QNX700/target/qnx7/aarch64le/lib/crt1.o
 .debug_info    0x00000000000000b6      0x6ad main.o

.debug_abbrev   0x0000000000000000      0x1f6
 *(.debug_abbrev)
 .debug_abbrev  0x0000000000000000       0x14 /usr2/kukhkim/workspace/kukhkim/sevkh_02/kukhkim_QXA.QA.5.0.r1-00090-SA8155P.HYP-1_20200601_160158/qnx_ap/qnx_bins/prebuilt_QNX700/target/qnx7/aarch64le/lib/crt1.o
 .debug_abbrev  0x0000000000000014      0x1e2 main.o

.debug_line     0x0000000000000000      0x497
 *(.debug_line .debug_line.* .debug_line_end)
 .debug_line    0x0000000000000000       0x9a /usr2/kukhkim/workspace/kukhkim/sevkh_02/kukhkim_QXA.QA.5.0.r1-00090-SA8155P.HYP-1_20200601_160158/qnx_ap/qnx_bins/prebuilt_QNX700/target/qnx7/aarch64le/lib/crt1.o
 .debug_line    0x000000000000009a      0x3fd main.o

.debug_frame    0x0000000000000000       0x58
 *(.debug_frame)
 .debug_frame   0x0000000000000000       0x58 main.o

.debug_str      0x0000000000000000      0x4d7
 *(.debug_str)
 .debug_str     0x0000000000000000      0x4d7 main.o
                                        0x539 (size before relaxing)

.debug_loc      0x0000000000000000      0x1ce
 *(.debug_loc)
 .debug_loc     0x0000000000000000      0x1ce main.o

.debug_macinfo
 *(.debug_macinfo)

.debug_weaknames
 *(.debug_weaknames)

.debug_funcnames
 *(.debug_funcnames)

.debug_typenames
 *(.debug_typenames)

.debug_varnames
 *(.debug_varnames)

.debug_pubtypes
 *(.debug_pubtypes)

.debug_ranges   0x0000000000000000       0x60
 *(.debug_ranges)
 .debug_ranges  0x0000000000000000       0x60 main.o

.debug_macro
 *(.debug_macro)

.ARM.attributes
 *(.ARM.attributes)
 *(.gnu.attributes)

.note.gnu.arm.ident
 *(.note.gnu.arm.ident)

/DISCARD/
 *(.note.GNU-stack)
 *(.gnu_debuglink)
 *(.gnu.lto_*)
OUTPUT(/local2/mnt/workspace/kukhkim/sevkh_02/kukhkim_QXA.QA.5.0.r1-00090-SA8155P.HYP-1_20200601_160158/qnx_ap/test/platform/ipc_server/aarch64/o-le/ipc_server elf64-littleaarch64)
