Archive member included to satisfy reference by file (symbol)

/usr2/kukhkim/workspace/kukhkim/sevkh_02/kukhkim_QXA.QA.5.0.r1-00090-SA8155P.HYP-1_20200601_160158/qnx_ap/install/aarch64le/lib/libgpio_clientS.a(gpio_client.o)
                              main.o (gpio_open)
/usr2/kukhkim/workspace/kukhkim/sevkh_02/kukhkim_QXA.QA.5.0.r1-00090-SA8155P.HYP-1_20200601_160158/qnx_ap/install/aarch64le/lib/libgpio_clientS.a(gpio_direct_access.o)
                              /usr2/kukhkim/workspace/kukhkim/sevkh_02/kukhkim_QXA.QA.5.0.r1-00090-SA8155P.HYP-1_20200601_160158/qnx_ap/install/aarch64le/lib/libgpio_clientS.a(gpio_client.o) (gpio_direct_access_set_config)
/usr2/kukhkim/workspace/kukhkim/sevkh_02/kukhkim_QXA.QA.5.0.r1-00090-SA8155P.HYP-1_20200601_160158/qnx_ap/install/aarch64le/lib/libgpio_clientS.a(pmic_gpio_logic.o)
                              /usr2/kukhkim/workspace/kukhkim/sevkh_02/kukhkim_QXA.QA.5.0.r1-00090-SA8155P.HYP-1_20200601_160158/qnx_ap/install/aarch64le/lib/libgpio_clientS.a(gpio_client.o) (pm_gpio_client_set_config)
/usr2/kukhkim/workspace/kukhkim/sevkh_02/kukhkim_QXA.QA.5.0.r1-00090-SA8155P.HYP-1_20200601_160158/qnx_ap/install/aarch64le/lib/libpmic_clientS.a(pm_gpio_client.o)
                              /usr2/kukhkim/workspace/kukhkim/sevkh_02/kukhkim_QXA.QA.5.0.r1-00090-SA8155P.HYP-1_20200601_160158/qnx_ap/install/aarch64le/lib/libgpio_clientS.a(pmic_gpio_logic.o) (pm_gpio_cfg_mode)
/usr2/kukhkim/workspace/kukhkim/sevkh_02/kukhkim_QXA.QA.5.0.r1-00090-SA8155P.HYP-1_20200601_160158/qnx_ap/install/aarch64le/lib/libspmi_clientS.a(spmi_client.o)
                              /usr2/kukhkim/workspace/kukhkim/sevkh_02/kukhkim_QXA.QA.5.0.r1-00090-SA8155P.HYP-1_20200601_160158/qnx_ap/install/aarch64le/lib/libpmic_clientS.a(pm_gpio_client.o) (spmi_open)

Allocating common symbols
Common symbol       size              file

int_event           0x20              main.o
_gpio_header        0x1c              main.o
intr_cnt            0x4               main.o

Memory Configuration

Name             Origin             Length             Attributes
*default*        0x0000000000000000 0xffffffffffffffff

Linker script and memory map

LOAD /usr2/kukhkim/workspace/kukhkim/sevkh_02/kukhkim_QXA.QA.5.0.r1-00090-SA8155P.HYP-1_20200601_160158/qnx_ap/qnx_bins/prebuilt_QNX700/target/qnx7/aarch64le/lib/crt1.o
LOAD /usr2/kukhkim/workspace/kukhkim/sevkh_02/kukhkim_QXA.QA.5.0.r1-00090-SA8155P.HYP-1_20200601_160158/qnx_ap/qnx_bins/prebuilt_QNX700/target/qnx7/aarch64le/lib/crti.o
LOAD /usr2/kukhkim/workspace/kukhkim/sevkh_02/kukhkim_QXA.QA.5.0.r1-00090-SA8155P.HYP-1_20200601_160158/qnx_ap/qnx_bins/prebuilt_QNX700/host/linux/x86_64/usr/lib/gcc/aarch64-unknown-nto-qnx7.0.0/5.4.0//crtbegin.o
LOAD main.o
LOAD /usr2/kukhkim/workspace/kukhkim/sevkh_02/kukhkim_QXA.QA.5.0.r1-00090-SA8155P.HYP-1_20200601_160158/qnx_ap/qnx_bins/prebuilt_QNX700/target/qnx7/aarch64le/lib/libslog2.so
LOAD /usr2/kukhkim/workspace/kukhkim/sevkh_02/kukhkim_QXA.QA.5.0.r1-00090-SA8155P.HYP-1_20200601_160158/qnx_ap/install/aarch64le/lib/libgpio_clientS.a
LOAD /usr2/kukhkim/workspace/kukhkim/sevkh_02/kukhkim_QXA.QA.5.0.r1-00090-SA8155P.HYP-1_20200601_160158/qnx_ap/install/aarch64le/lib/libpmic_clientS.a
LOAD /usr2/kukhkim/workspace/kukhkim/sevkh_02/kukhkim_QXA.QA.5.0.r1-00090-SA8155P.HYP-1_20200601_160158/qnx_ap/install/aarch64le/lib/libspmi_clientS.a
LOAD /usr2/kukhkim/workspace/kukhkim/sevkh_02/kukhkim_QXA.QA.5.0.r1-00090-SA8155P.HYP-1_20200601_160158/qnx_ap/install/aarch64le/lib/libgpio_client.so
LOAD /usr2/kukhkim/workspace/kukhkim/sevkh_02/kukhkim_QXA.QA.5.0.r1-00090-SA8155P.HYP-1_20200601_160158/qnx_ap/install/aarch64le/lib/libchipinfoS.a
LOAD /usr2/kukhkim/workspace/kukhkim/sevkh_02/kukhkim_QXA.QA.5.0.r1-00090-SA8155P.HYP-1_20200601_160158/qnx_ap/install/aarch64le/lib/libdalsysS.a
LOAD /usr2/kukhkim/workspace/kukhkim/sevkh_02/kukhkim_QXA.QA.5.0.r1-00090-SA8155P.HYP-1_20200601_160158/qnx_ap/qnx_bins/prebuilt_QNX700/target/qnx7/aarch64le/lib/libslog2.so
LOAD /usr2/kukhkim/workspace/kukhkim/sevkh_02/kukhkim_QXA.QA.5.0.r1-00090-SA8155P.HYP-1_20200601_160158/qnx_ap/install/aarch64le/lib/libdalcfgS.a
LOAD /usr2/kukhkim/workspace/kukhkim/sevkh_02/kukhkim_QXA.QA.5.0.r1-00090-SA8155P.HYP-1_20200601_160158/qnx_ap/install/aarch64le/lib/libnspinclockcyclesS.a
LOAD /usr2/kukhkim/workspace/kukhkim/sevkh_02/kukhkim_QXA.QA.5.0.r1-00090-SA8155P.HYP-1_20200601_160158/qnx_ap/install/aarch64le/lib/libdalconfig.so
LOAD /usr2/kukhkim/workspace/kukhkim/sevkh_02/kukhkim_QXA.QA.5.0.r1-00090-SA8155P.HYP-1_20200601_160158/qnx_ap/install/aarch64le/lib/libsmemS.a
LOAD /usr2/kukhkim/workspace/kukhkim/sevkh_02/kukhkim_QXA.QA.5.0.r1-00090-SA8155P.HYP-1_20200601_160158/qnx_ap/install/aarch64le/lib/libhwioS.a
LOAD /usr2/kukhkim/workspace/kukhkim/sevkh_02/kukhkim_QXA.QA.5.0.r1-00090-SA8155P.HYP-1_20200601_160158/qnx_ap/qnx_bins/prebuilt_QNX700/host/linux/x86_64/usr/lib/gcc/aarch64-unknown-nto-qnx7.0.0/5.4.0//libgcc.a
LOAD /usr2/kukhkim/workspace/kukhkim/sevkh_02/kukhkim_QXA.QA.5.0.r1-00090-SA8155P.HYP-1_20200601_160158/qnx_ap/qnx_bins/prebuilt_QNX700/target/qnx7/aarch64le/lib/libc.so
LOAD /usr2/kukhkim/workspace/kukhkim/sevkh_02/kukhkim_QXA.QA.5.0.r1-00090-SA8155P.HYP-1_20200601_160158/qnx_ap/qnx_bins/prebuilt_QNX700/target/qnx7/aarch64le/lib/libcS.a
LOAD /usr2/kukhkim/workspace/kukhkim/sevkh_02/kukhkim_QXA.QA.5.0.r1-00090-SA8155P.HYP-1_20200601_160158/qnx_ap/qnx_bins/prebuilt_QNX700/host/linux/x86_64/usr/lib/gcc/aarch64-unknown-nto-qnx7.0.0/5.4.0//libgcc.a
LOAD /usr2/kukhkim/workspace/kukhkim/sevkh_02/kukhkim_QXA.QA.5.0.r1-00090-SA8155P.HYP-1_20200601_160158/qnx_ap/qnx_bins/prebuilt_QNX700/host/linux/x86_64/usr/lib/gcc/aarch64-unknown-nto-qnx7.0.0/5.4.0//crtend.o
LOAD /usr2/kukhkim/workspace/kukhkim/sevkh_02/kukhkim_QXA.QA.5.0.r1-00090-SA8155P.HYP-1_20200601_160158/qnx_ap/qnx_bins/prebuilt_QNX700/target/qnx7/aarch64le/lib/crtn.o
                [!provide]                        PROVIDE (__executable_start, 0x0)
                0x0000000000000200                . = (0x0 + SIZEOF_HEADERS)

.interp         0x0000000000000200       0x17
 *(.interp)
 .interp        0x0000000000000200       0x17 /usr2/kukhkim/workspace/kukhkim/sevkh_02/kukhkim_QXA.QA.5.0.r1-00090-SA8155P.HYP-1_20200601_160158/qnx_ap/qnx_bins/prebuilt_QNX700/target/qnx7/aarch64le/lib/crt1.o

.note           0x0000000000000217       0x18
 .note          0x0000000000000217       0x18 /usr2/kukhkim/workspace/kukhkim/sevkh_02/kukhkim_QXA.QA.5.0.r1-00090-SA8155P.HYP-1_20200601_160158/qnx_ap/qnx_bins/prebuilt_QNX700/target/qnx7/aarch64le/lib/crtn.o

.note.gnu.build-id
                0x0000000000000230       0x20
 *(.note.gnu.build-id)
 .note.gnu.build-id
                0x0000000000000230       0x20 /usr2/kukhkim/workspace/kukhkim/sevkh_02/kukhkim_QXA.QA.5.0.r1-00090-SA8155P.HYP-1_20200601_160158/qnx_ap/qnx_bins/prebuilt_QNX700/target/qnx7/aarch64le/lib/crt1.o

.hash
 *(.hash)

.gnu.hash       0x0000000000000250      0x278
 *(.gnu.hash)
 .gnu.hash      0x0000000000000250      0x278 /usr2/kukhkim/workspace/kukhkim/sevkh_02/kukhkim_QXA.QA.5.0.r1-00090-SA8155P.HYP-1_20200601_160158/qnx_ap/qnx_bins/prebuilt_QNX700/target/qnx7/aarch64le/lib/crt1.o

.dynsym         0x00000000000004c8      0xb70
 *(.dynsym)
 .dynsym        0x00000000000004c8      0xb70 /usr2/kukhkim/workspace/kukhkim/sevkh_02/kukhkim_QXA.QA.5.0.r1-00090-SA8155P.HYP-1_20200601_160158/qnx_ap/qnx_bins/prebuilt_QNX700/target/qnx7/aarch64le/lib/crt1.o

.dynstr         0x0000000000001038      0x7c7
 *(.dynstr)
 .dynstr        0x0000000000001038      0x7c7 /usr2/kukhkim/workspace/kukhkim/sevkh_02/kukhkim_QXA.QA.5.0.r1-00090-SA8155P.HYP-1_20200601_160158/qnx_ap/qnx_bins/prebuilt_QNX700/target/qnx7/aarch64le/lib/crt1.o

.gnu.version    0x0000000000001800        0x0
 *(.gnu.version)
 .gnu.version   0x0000000000001800        0x0 /usr2/kukhkim/workspace/kukhkim/sevkh_02/kukhkim_QXA.QA.5.0.r1-00090-SA8155P.HYP-1_20200601_160158/qnx_ap/qnx_bins/prebuilt_QNX700/target/qnx7/aarch64le/lib/crt1.o

.gnu.version_d  0x0000000000001800        0x0
 *(.gnu.version_d)
 .gnu.version_d
                0x0000000000001800        0x0 /usr2/kukhkim/workspace/kukhkim/sevkh_02/kukhkim_QXA.QA.5.0.r1-00090-SA8155P.HYP-1_20200601_160158/qnx_ap/qnx_bins/prebuilt_QNX700/target/qnx7/aarch64le/lib/crt1.o

.gnu.version_r  0x0000000000001800        0x0
 *(.gnu.version_r)
 .gnu.version_r
                0x0000000000001800        0x0 /usr2/kukhkim/workspace/kukhkim/sevkh_02/kukhkim_QXA.QA.5.0.r1-00090-SA8155P.HYP-1_20200601_160158/qnx_ap/qnx_bins/prebuilt_QNX700/target/qnx7/aarch64le/lib/crt1.o

.rela.dyn       0x0000000000001800      0x180
 *(.rela.init)
 *(.rela.text .rela.text.* .rela.gnu.linkonce.t.*)
 *(.rela.fini)
 *(.rela.rodata .rela.rodata.* .rela.gnu.linkonce.r.*)
 *(.rela.data .rela.data.* .rela.gnu.linkonce.d.*)
 .rela.data.rel.local
                0x0000000000001800       0x18 /usr2/kukhkim/workspace/kukhkim/sevkh_02/kukhkim_QXA.QA.5.0.r1-00090-SA8155P.HYP-1_20200601_160158/qnx_ap/qnx_bins/prebuilt_QNX700/target/qnx7/aarch64le/lib/crt1.o
 .rela.data.rel.ro.local
                0x0000000000001818       0x48 /usr2/kukhkim/workspace/kukhkim/sevkh_02/kukhkim_QXA.QA.5.0.r1-00090-SA8155P.HYP-1_20200601_160158/qnx_ap/qnx_bins/prebuilt_QNX700/target/qnx7/aarch64le/lib/crt1.o
 *(.rela.tdata .rela.tdata.* .rela.gnu.linkonce.td.*)
 *(.rela.tbss .rela.tbss.* .rela.gnu.linkonce.tb.*)
 *(.rela.ctors)
 *(.rela.dtors)
 *(.rela.got)
 .rela.got      0x0000000000001860       0xf0 /usr2/kukhkim/workspace/kukhkim/sevkh_02/kukhkim_QXA.QA.5.0.r1-00090-SA8155P.HYP-1_20200601_160158/qnx_ap/qnx_bins/prebuilt_QNX700/target/qnx7/aarch64le/lib/crt1.o
 *(.rela.bss .rela.bss.* .rela.gnu.linkonce.b.*)
 *(.rela.ifunc)
 .rela.ifunc    0x0000000000001950        0x0 /usr2/kukhkim/workspace/kukhkim/sevkh_02/kukhkim_QXA.QA.5.0.r1-00090-SA8155P.HYP-1_20200601_160158/qnx_ap/qnx_bins/prebuilt_QNX700/target/qnx7/aarch64le/lib/crt1.o
 .rela.fini_array
                0x0000000000001950       0x18 /usr2/kukhkim/workspace/kukhkim/sevkh_02/kukhkim_QXA.QA.5.0.r1-00090-SA8155P.HYP-1_20200601_160158/qnx_ap/qnx_bins/prebuilt_QNX700/target/qnx7/aarch64le/lib/crt1.o
 .rela.init_array
                0x0000000000001968       0x18 /usr2/kukhkim/workspace/kukhkim/sevkh_02/kukhkim_QXA.QA.5.0.r1-00090-SA8155P.HYP-1_20200601_160158/qnx_ap/qnx_bins/prebuilt_QNX700/target/qnx7/aarch64le/lib/crt1.o

.rela.plt       0x0000000000001980      0x408
 *(.rela.plt)
 .rela.plt      0x0000000000001980      0x408 /usr2/kukhkim/workspace/kukhkim/sevkh_02/kukhkim_QXA.QA.5.0.r1-00090-SA8155P.HYP-1_20200601_160158/qnx_ap/qnx_bins/prebuilt_QNX700/target/qnx7/aarch64le/lib/crt1.o
                [!provide]                        PROVIDE (__rela_iplt_start, .)
 *(.rela.iplt)
                [!provide]                        PROVIDE (__rela_iplt_end, .)

.init
 *(SORT(.init))

.plt            0x0000000000001d90      0x2d0
 *(.plt)
 .plt           0x0000000000001d90      0x2d0 /usr2/kukhkim/workspace/kukhkim/sevkh_02/kukhkim_QXA.QA.5.0.r1-00090-SA8155P.HYP-1_20200601_160158/qnx_ap/qnx_bins/prebuilt_QNX700/target/qnx7/aarch64le/lib/crt1.o
 *(.iplt)

.text           0x0000000000002060     0x3978
                0x0000000000002060                _btext = .
 *(.text.unlikely .text.*_unlikely .text.unlikely.*)
 *(.text.exit .text.exit.*)
 *(.text.startup .text.startup.*)
 .text.startup  0x0000000000002060      0x398 main.o
                0x0000000000002060                main
 *(.text.hot .text.hot.*)
 *(.text .stub .text.* .gnu.linkonce.t.*)
 .text          0x00000000000023f8       0x90 /usr2/kukhkim/workspace/kukhkim/sevkh_02/kukhkim_QXA.QA.5.0.r1-00090-SA8155P.HYP-1_20200601_160158/qnx_ap/qnx_bins/prebuilt_QNX700/target/qnx7/aarch64le/lib/crt1.o
                0x00000000000023f8                _start
 .text          0x0000000000002488        0x0 /usr2/kukhkim/workspace/kukhkim/sevkh_02/kukhkim_QXA.QA.5.0.r1-00090-SA8155P.HYP-1_20200601_160158/qnx_ap/qnx_bins/prebuilt_QNX700/target/qnx7/aarch64le/lib/crti.o
 .text          0x0000000000002488      0x130 /usr2/kukhkim/workspace/kukhkim/sevkh_02/kukhkim_QXA.QA.5.0.r1-00090-SA8155P.HYP-1_20200601_160158/qnx_ap/qnx_bins/prebuilt_QNX700/host/linux/x86_64/usr/lib/gcc/aarch64-unknown-nto-qnx7.0.0/5.4.0//crtbegin.o
 .text          0x00000000000025b8      0x1b4 main.o
                0x00000000000025b8                intr_test_handler
 .text          0x000000000000276c      0x8b8 /usr2/kukhkim/workspace/kukhkim/sevkh_02/kukhkim_QXA.QA.5.0.r1-00090-SA8155P.HYP-1_20200601_160158/qnx_ap/install/aarch64le/lib/libgpio_clientS.a(gpio_client.o)
                0x00000000000028e8                gpio_open
                0x00000000000028f0                gpio_close
                0x0000000000002a1c                gpio_set_config
                0x0000000000002b10                gpio_set_pin
                0x0000000000002bec                gpio_get_config
                0x0000000000002cc4                gpio_get_pin
                0x0000000000002da0                gpio_set_interrupt_cfg
                0x0000000000002f0c                gpio_get_interrupt_cfg
                0x0000000000002fa4                gpio_wait_interrupts
                0x0000000000002fcc                gpio_waittriggerinterrupt
                0x0000000000002ff8                gpio_interrupt_channel_create
 .text          0x0000000000003024      0x1fc /usr2/kukhkim/workspace/kukhkim/sevkh_02/kukhkim_QXA.QA.5.0.r1-00090-SA8155P.HYP-1_20200601_160158/qnx_ap/install/aarch64le/lib/libgpio_clientS.a(gpio_direct_access.o)
                0x0000000000003024                TLMM_SET_VAL
                0x0000000000003058                TLMM_GET_CFG
                0x000000000000306c                TLMM_GET_VAL
                0x0000000000003088                gpio_enable_direct_access
                0x00000000000030d0                gpio_direct_access_set_config
                0x0000000000003124                gpio_direct_access_get_config
                0x0000000000003190                gpio_direct_access_set_pin
                0x00000000000031d0                gpio_direct_access_get_pin
 .text          0x0000000000003220      0x6dc /usr2/kukhkim/workspace/kukhkim/sevkh_02/kukhkim_QXA.QA.5.0.r1-00090-SA8155P.HYP-1_20200601_160158/qnx_ap/install/aarch64le/lib/libgpio_clientS.a(pmic_gpio_logic.o)
                0x0000000000003220                get_pmic_chip
                0x0000000000003258                pm_gpio_set_mode_type_internal
                0x0000000000003260                pm_gpio_client_set_config
                0x00000000000036d8                pm_gpio_internal_get_config
                0x0000000000003808                pm_gpio_internal_set_pin
                0x0000000000003844                pm_gpio_internal_get_pin
 .text          0x00000000000038fc      0xfa4 /usr2/kukhkim/workspace/kukhkim/sevkh_02/kukhkim_QXA.QA.5.0.r1-00090-SA8155P.HYP-1_20200601_160158/qnx_ap/install/aarch64le/lib/libpmic_clientS.a(pm_gpio_client.o)
                0x000000000000398c                pm_gpio_cfg_mode
                0x0000000000003a34                pm_gpio_enable
                0x0000000000003ad8                pm_gpio_set_voltage_source
                0x0000000000003b78                pm_gpio_set_out_buf_cfg
                0x0000000000003c1c                pm_gpio_set_output_level
                0x0000000000003cc0                pm_gpio_set_cur_src_pull
                0x0000000000003d64                pm_gpio_set_out_buf_drv_str
                0x0000000000003e08                pm_gpio_set_out_src_cfg
                0x0000000000003eac                pm_gpio_irq_enable
                0x0000000000003f50                pm_gpio_irq_clear
                0x0000000000003ff0                pm_gpio_irq_set_trigger
                0x0000000000004094                pm_gpio_irq_status
                0x0000000000004164                pm_gpio_level_status
                0x0000000000004238                pm_gpio_reg_status_get
                0x0000000000004308                pm_gpio_get_perph_id
                0x00000000000043d8                pm_gpio_create_channel
                0x0000000000004550                pm_gpio_clear_channel
                0x00000000000046c8                pm_gpio_destroy_channel
                0x00000000000046e4                pm_gpio_wait_for_irq
                0x0000000000004870                pm_gpio_cleanup
 .text          0x00000000000048a0     0x1138 /usr2/kukhkim/workspace/kukhkim/sevkh_02/kukhkim_QXA.QA.5.0.r1-00090-SA8155P.HYP-1_20200601_160158/qnx_ap/install/aarch64le/lib/libspmi_clientS.a(spmi_client.o)
                0x00000000000048a0                spmi_open
                0x0000000000004970                spmi_close
                0x000000000000497c                spmi_read
                0x0000000000004ac0                spmi_write
                0x0000000000004c04                spmi_read_modify_write
                0x0000000000004d54                spmi_channel_create
                0x0000000000004fa4                spmi_channel_clear
                0x00000000000050e8                spmi_interrupt_wait
                0x0000000000005284                spmi_interrupt_enable
                0x0000000000005370                spmi_interrupt_disable
                0x000000000000545c                spmi_interrupt_done
                0x0000000000005550                spmi_is_interrupt_enabled
                0x00000000000056ec                spmi_extended_interrupt_status
                0x0000000000005888                spmi_extended_interrupt_clear
 .text          0x00000000000059d8        0x0 /usr2/kukhkim/workspace/kukhkim/sevkh_02/kukhkim_QXA.QA.5.0.r1-00090-SA8155P.HYP-1_20200601_160158/qnx_ap/qnx_bins/prebuilt_QNX700/host/linux/x86_64/usr/lib/gcc/aarch64-unknown-nto-qnx7.0.0/5.4.0//crtend.o
 .text          0x00000000000059d8        0x0 /usr2/kukhkim/workspace/kukhkim/sevkh_02/kukhkim_QXA.QA.5.0.r1-00090-SA8155P.HYP-1_20200601_160158/qnx_ap/qnx_bins/prebuilt_QNX700/target/qnx7/aarch64le/lib/crtn.o
 *(.gnu.warning)

.fini
 *(SORT(.fini))
                [!provide]                        PROVIDE (__etext, .)
                [!provide]                        PROVIDE (_etext, .)
                [!provide]                        PROVIDE (etext, .)

.rodata         0x00000000000059d8      0xaae
 *(.rodata .rodata.* .gnu.linkonce.r.*)
 .rodata.str1.1
                0x00000000000059d8      0x3f4 main.o
                                        0x3fb (size before relaxing)
 *fill*         0x0000000000005dcc        0x4 
 .rodata        0x0000000000005dd0       0x58 /usr2/kukhkim/workspace/kukhkim/sevkh_02/kukhkim_QXA.QA.5.0.r1-00090-SA8155P.HYP-1_20200601_160158/qnx_ap/install/aarch64le/lib/libgpio_clientS.a(gpio_client.o)
 .rodata.str1.1
                0x0000000000005e28      0x16d /usr2/kukhkim/workspace/kukhkim/sevkh_02/kukhkim_QXA.QA.5.0.r1-00090-SA8155P.HYP-1_20200601_160158/qnx_ap/install/aarch64le/lib/libgpio_clientS.a(gpio_client.o)
                                        0x17b (size before relaxing)
 .rodata.str1.1
                0x0000000000005f95      0x225 /usr2/kukhkim/workspace/kukhkim/sevkh_02/kukhkim_QXA.QA.5.0.r1-00090-SA8155P.HYP-1_20200601_160158/qnx_ap/install/aarch64le/lib/libgpio_clientS.a(pmic_gpio_logic.o)
 .rodata.str1.1
                0x00000000000061ba       0xd1 /usr2/kukhkim/workspace/kukhkim/sevkh_02/kukhkim_QXA.QA.5.0.r1-00090-SA8155P.HYP-1_20200601_160158/qnx_ap/install/aarch64le/lib/libpmic_clientS.a(pm_gpio_client.o)
                                         0xdb (size before relaxing)
 .rodata.str1.1
                0x000000000000628b      0x1fb /usr2/kukhkim/workspace/kukhkim/sevkh_02/kukhkim_QXA.QA.5.0.r1-00090-SA8155P.HYP-1_20200601_160158/qnx_ap/install/aarch64le/lib/libspmi_clientS.a(spmi_client.o)

.rodata1
 *(.rodata1)

.eh_frame_hdr   0x0000000000006488        0x0
 *(.eh_frame_hdr)
 .eh_frame_hdr  0x0000000000006488        0x0 /usr2/kukhkim/workspace/kukhkim/sevkh_02/kukhkim_QXA.QA.5.0.r1-00090-SA8155P.HYP-1_20200601_160158/qnx_ap/qnx_bins/prebuilt_QNX700/target/qnx7/aarch64le/lib/crtn.o

.eh_frame       0x0000000000006488        0x4
 *(.eh_frame)
 .eh_frame      0x0000000000006488        0x0 /usr2/kukhkim/workspace/kukhkim/sevkh_02/kukhkim_QXA.QA.5.0.r1-00090-SA8155P.HYP-1_20200601_160158/qnx_ap/qnx_bins/prebuilt_QNX700/host/linux/x86_64/usr/lib/gcc/aarch64-unknown-nto-qnx7.0.0/5.4.0//crtbegin.o
 .eh_frame      0x0000000000006488        0x4 /usr2/kukhkim/workspace/kukhkim/sevkh_02/kukhkim_QXA.QA.5.0.r1-00090-SA8155P.HYP-1_20200601_160158/qnx_ap/qnx_bins/prebuilt_QNX700/host/linux/x86_64/usr/lib/gcc/aarch64-unknown-nto-qnx7.0.0/5.4.0//crtend.o

.gcc_except_table
 *(.gcc_except_table .gcc_except_table.*)

.exception_ranges
 *(.exception_ranges .exception_ranges*)
                0x000000000000648c                . = (ALIGN (0x10000) - ((0x10000 - .) & 0xffff))
                0x0000000000016c38                . = DATA_SEGMENT_ALIGN (0x10000, 0x1000)

.eh_frame
 *(.eh_frame)

.gcc_except_table
 *(.gcc_except_table .gcc_except_table.*)

.exception_ranges
 *(.exception_ranges .exception_ranges*)

.tdata
 *(.tdata .tdata.* .gnu.linkonce.td.*)

.tbss
 *(.tbss .tbss.* .gnu.linkonce.tb.*)
 *(.tcommon)

.preinit_array  0x0000000000016c38        0x0
                0x0000000000016c38                PROVIDE (__preinit_array_start, .)
 *(.preinit_array)
                0x0000000000016c38                PROVIDE (__preinit_array_end, .)

.init_array     0x0000000000016c38        0x8
                0x0000000000016c38                PROVIDE (__init_array_start, .)
 *(SORT(.init_array.*) SORT(.ctors.*))
 *(.init_array EXCLUDE_FILE(*crtend?.o *crtend.o *crtbegin?.o *crtbegin.o) .ctors)
 .init_array    0x0000000000016c38        0x8 /usr2/kukhkim/workspace/kukhkim/sevkh_02/kukhkim_QXA.QA.5.0.r1-00090-SA8155P.HYP-1_20200601_160158/qnx_ap/qnx_bins/prebuilt_QNX700/host/linux/x86_64/usr/lib/gcc/aarch64-unknown-nto-qnx7.0.0/5.4.0//crtbegin.o
                0x0000000000016c40                PROVIDE (__init_array_end, .)

.fini_array     0x0000000000016c40        0x8
                0x0000000000016c40                PROVIDE (__fini_array_start, .)
 *(SORT(.fini_array.*) SORT(.dtors.*))
 *(.fini_array EXCLUDE_FILE(*crtend?.o *crtend.o *crtbegin?.o *crtbegin.o) .dtors)
 .fini_array    0x0000000000016c40        0x8 /usr2/kukhkim/workspace/kukhkim/sevkh_02/kukhkim_QXA.QA.5.0.r1-00090-SA8155P.HYP-1_20200601_160158/qnx_ap/qnx_bins/prebuilt_QNX700/host/linux/x86_64/usr/lib/gcc/aarch64-unknown-nto-qnx7.0.0/5.4.0//crtbegin.o
                0x0000000000016c48                PROVIDE (__fini_array_end, .)

.ctors
 *crtbegin.o(.ctors)
 *crtbegin?.o(.ctors)
 *(EXCLUDE_FILE(*crtend?.o *crtend.o) .ctors)
 *(SORT(.ctors.*))
 *(.ctors)

.dtors
 *crtbegin.o(.dtors)
 *crtbegin?.o(.dtors)
 *(EXCLUDE_FILE(*crtend?.o *crtend.o) .dtors)
 *(SORT(.dtors.*))
 *(.dtors)

.jcr            0x0000000000016c48        0x8
 *(.jcr)
 .jcr           0x0000000000016c48        0x0 /usr2/kukhkim/workspace/kukhkim/sevkh_02/kukhkim_QXA.QA.5.0.r1-00090-SA8155P.HYP-1_20200601_160158/qnx_ap/qnx_bins/prebuilt_QNX700/host/linux/x86_64/usr/lib/gcc/aarch64-unknown-nto-qnx7.0.0/5.4.0//crtbegin.o
 .jcr           0x0000000000016c48        0x8 /usr2/kukhkim/workspace/kukhkim/sevkh_02/kukhkim_QXA.QA.5.0.r1-00090-SA8155P.HYP-1_20200601_160158/qnx_ap/qnx_bins/prebuilt_QNX700/host/linux/x86_64/usr/lib/gcc/aarch64-unknown-nto-qnx7.0.0/5.4.0//crtend.o

.data.rel.ro    0x0000000000016c50       0x18
 *(.data.rel.ro.local* .gnu.linkonce.d.rel.ro.local.*)
 .data.rel.ro.local
                0x0000000000016c50       0x18 /usr2/kukhkim/workspace/kukhkim/sevkh_02/kukhkim_QXA.QA.5.0.r1-00090-SA8155P.HYP-1_20200601_160158/qnx_ap/install/aarch64le/lib/libgpio_clientS.a(gpio_client.o)
 *(.data.rel.ro .data.rel.ro.* .gnu.linkonce.d.rel.ro.*)

.dynamic        0x0000000000016c68      0x1d0
 *(.dynamic)
 .dynamic       0x0000000000016c68      0x1d0 /usr2/kukhkim/workspace/kukhkim/sevkh_02/kukhkim_QXA.QA.5.0.r1-00090-SA8155P.HYP-1_20200601_160158/qnx_ap/qnx_bins/prebuilt_QNX700/target/qnx7/aarch64le/lib/crt1.o
                0x0000000000016c68                _DYNAMIC

.got            0x0000000000016e38      0x1c8
 *(.got.plt)
 .got.plt       0x0000000000016e38      0x170 /usr2/kukhkim/workspace/kukhkim/sevkh_02/kukhkim_QXA.QA.5.0.r1-00090-SA8155P.HYP-1_20200601_160158/qnx_ap/qnx_bins/prebuilt_QNX700/target/qnx7/aarch64le/lib/crt1.o
 *(.igot.plt)
 *(.got)
 .got           0x0000000000016fa8       0x58 /usr2/kukhkim/workspace/kukhkim/sevkh_02/kukhkim_QXA.QA.5.0.r1-00090-SA8155P.HYP-1_20200601_160158/qnx_ap/qnx_bins/prebuilt_QNX700/target/qnx7/aarch64le/lib/crt1.o
                0x0000000000016fa8                _GLOBAL_OFFSET_TABLE_
 *(.igot)
                0x0000000000017000                . = DATA_SEGMENT_RELRO_END (., 0x0)

.data           0x0000000000017000       0x24
                [!provide]                        PROVIDE (__data_start, .)
 *(.data .data.* .gnu.linkonce.d.*)
 .data          0x0000000000017000        0x0 /usr2/kukhkim/workspace/kukhkim/sevkh_02/kukhkim_QXA.QA.5.0.r1-00090-SA8155P.HYP-1_20200601_160158/qnx_ap/qnx_bins/prebuilt_QNX700/target/qnx7/aarch64le/lib/crt1.o
 .data          0x0000000000017000        0x0 /usr2/kukhkim/workspace/kukhkim/sevkh_02/kukhkim_QXA.QA.5.0.r1-00090-SA8155P.HYP-1_20200601_160158/qnx_ap/qnx_bins/prebuilt_QNX700/target/qnx7/aarch64le/lib/crti.o
 .data          0x0000000000017000        0x0 /usr2/kukhkim/workspace/kukhkim/sevkh_02/kukhkim_QXA.QA.5.0.r1-00090-SA8155P.HYP-1_20200601_160158/qnx_ap/qnx_bins/prebuilt_QNX700/host/linux/x86_64/usr/lib/gcc/aarch64-unknown-nto-qnx7.0.0/5.4.0//crtbegin.o
 .data.rel.local
                0x0000000000017000        0x8 /usr2/kukhkim/workspace/kukhkim/sevkh_02/kukhkim_QXA.QA.5.0.r1-00090-SA8155P.HYP-1_20200601_160158/qnx_ap/qnx_bins/prebuilt_QNX700/host/linux/x86_64/usr/lib/gcc/aarch64-unknown-nto-qnx7.0.0/5.4.0//crtbegin.o
                0x0000000000017000                __dso_handle
 .data          0x0000000000017008        0x4 main.o
                0x0000000000017008                chid
 *fill*         0x000000000001700c        0x4 
 .data          0x0000000000017010       0x10 /usr2/kukhkim/workspace/kukhkim/sevkh_02/kukhkim_QXA.QA.5.0.r1-00090-SA8155P.HYP-1_20200601_160158/qnx_ap/install/aarch64le/lib/libgpio_clientS.a(gpio_client.o)
 .data          0x0000000000017020        0x0 /usr2/kukhkim/workspace/kukhkim/sevkh_02/kukhkim_QXA.QA.5.0.r1-00090-SA8155P.HYP-1_20200601_160158/qnx_ap/install/aarch64le/lib/libgpio_clientS.a(gpio_direct_access.o)
 .data          0x0000000000017020        0x0 /usr2/kukhkim/workspace/kukhkim/sevkh_02/kukhkim_QXA.QA.5.0.r1-00090-SA8155P.HYP-1_20200601_160158/qnx_ap/install/aarch64le/lib/libgpio_clientS.a(pmic_gpio_logic.o)
 .data          0x0000000000017020        0x4 /usr2/kukhkim/workspace/kukhkim/sevkh_02/kukhkim_QXA.QA.5.0.r1-00090-SA8155P.HYP-1_20200601_160158/qnx_ap/install/aarch64le/lib/libpmic_clientS.a(pm_gpio_client.o)
 .data          0x0000000000017024        0x0 /usr2/kukhkim/workspace/kukhkim/sevkh_02/kukhkim_QXA.QA.5.0.r1-00090-SA8155P.HYP-1_20200601_160158/qnx_ap/install/aarch64le/lib/libspmi_clientS.a(spmi_client.o)
 .data          0x0000000000017024        0x0 /usr2/kukhkim/workspace/kukhkim/sevkh_02/kukhkim_QXA.QA.5.0.r1-00090-SA8155P.HYP-1_20200601_160158/qnx_ap/qnx_bins/prebuilt_QNX700/host/linux/x86_64/usr/lib/gcc/aarch64-unknown-nto-qnx7.0.0/5.4.0//crtend.o
 .data          0x0000000000017024        0x0 /usr2/kukhkim/workspace/kukhkim/sevkh_02/kukhkim_QXA.QA.5.0.r1-00090-SA8155P.HYP-1_20200601_160158/qnx_ap/qnx_bins/prebuilt_QNX700/target/qnx7/aarch64le/lib/crtn.o

.tm_clone_table
                0x0000000000017028        0x0
 .tm_clone_table
                0x0000000000017028        0x0 /usr2/kukhkim/workspace/kukhkim/sevkh_02/kukhkim_QXA.QA.5.0.r1-00090-SA8155P.HYP-1_20200601_160158/qnx_ap/qnx_bins/prebuilt_QNX700/host/linux/x86_64/usr/lib/gcc/aarch64-unknown-nto-qnx7.0.0/5.4.0//crtbegin.o
 .tm_clone_table
                0x0000000000017028        0x0 /usr2/kukhkim/workspace/kukhkim/sevkh_02/kukhkim_QXA.QA.5.0.r1-00090-SA8155P.HYP-1_20200601_160158/qnx_ap/qnx_bins/prebuilt_QNX700/host/linux/x86_64/usr/lib/gcc/aarch64-unknown-nto-qnx7.0.0/5.4.0//crtend.o

.data1
 *(.data1)
                0x0000000000017028                _edata = .
                [!provide]                        PROVIDE (edata, .)
                0x0000000000017028                . = .
                0x0000000000017028                __bss_start = .
                0x0000000000017028                __bss_start__ = .

.bss            0x0000000000017028       0x80
 *(.dynbss)
 .dynbss        0x0000000000017028        0x0 /usr2/kukhkim/workspace/kukhkim/sevkh_02/kukhkim_QXA.QA.5.0.r1-00090-SA8155P.HYP-1_20200601_160158/qnx_ap/qnx_bins/prebuilt_QNX700/target/qnx7/aarch64le/lib/crt1.o
 *(.bss .bss.* .gnu.linkonce.b.*)
 .bss           0x0000000000017028        0x0 /usr2/kukhkim/workspace/kukhkim/sevkh_02/kukhkim_QXA.QA.5.0.r1-00090-SA8155P.HYP-1_20200601_160158/qnx_ap/qnx_bins/prebuilt_QNX700/target/qnx7/aarch64le/lib/crt1.o
 .bss           0x0000000000017028        0x0 /usr2/kukhkim/workspace/kukhkim/sevkh_02/kukhkim_QXA.QA.5.0.r1-00090-SA8155P.HYP-1_20200601_160158/qnx_ap/qnx_bins/prebuilt_QNX700/target/qnx7/aarch64le/lib/crti.o
 .bss           0x0000000000017028       0x38 /usr2/kukhkim/workspace/kukhkim/sevkh_02/kukhkim_QXA.QA.5.0.r1-00090-SA8155P.HYP-1_20200601_160158/qnx_ap/qnx_bins/prebuilt_QNX700/host/linux/x86_64/usr/lib/gcc/aarch64-unknown-nto-qnx7.0.0/5.4.0//crtbegin.o
 .bss           0x0000000000017060        0x0 main.o
 .bss           0x0000000000017060        0x0 /usr2/kukhkim/workspace/kukhkim/sevkh_02/kukhkim_QXA.QA.5.0.r1-00090-SA8155P.HYP-1_20200601_160158/qnx_ap/install/aarch64le/lib/libgpio_clientS.a(gpio_client.o)
 .bss           0x0000000000017060        0x8 /usr2/kukhkim/workspace/kukhkim/sevkh_02/kukhkim_QXA.QA.5.0.r1-00090-SA8155P.HYP-1_20200601_160158/qnx_ap/install/aarch64le/lib/libgpio_clientS.a(gpio_direct_access.o)
 .bss           0x0000000000017068        0x0 /usr2/kukhkim/workspace/kukhkim/sevkh_02/kukhkim_QXA.QA.5.0.r1-00090-SA8155P.HYP-1_20200601_160158/qnx_ap/install/aarch64le/lib/libgpio_clientS.a(pmic_gpio_logic.o)
 .bss           0x0000000000017068        0x0 /usr2/kukhkim/workspace/kukhkim/sevkh_02/kukhkim_QXA.QA.5.0.r1-00090-SA8155P.HYP-1_20200601_160158/qnx_ap/install/aarch64le/lib/libpmic_clientS.a(pm_gpio_client.o)
 .bss           0x0000000000017068        0x0 /usr2/kukhkim/workspace/kukhkim/sevkh_02/kukhkim_QXA.QA.5.0.r1-00090-SA8155P.HYP-1_20200601_160158/qnx_ap/install/aarch64le/lib/libspmi_clientS.a(spmi_client.o)
 .bss           0x0000000000017068        0x0 /usr2/kukhkim/workspace/kukhkim/sevkh_02/kukhkim_QXA.QA.5.0.r1-00090-SA8155P.HYP-1_20200601_160158/qnx_ap/qnx_bins/prebuilt_QNX700/host/linux/x86_64/usr/lib/gcc/aarch64-unknown-nto-qnx7.0.0/5.4.0//crtend.o
 .bss           0x0000000000017068        0x0 /usr2/kukhkim/workspace/kukhkim/sevkh_02/kukhkim_QXA.QA.5.0.r1-00090-SA8155P.HYP-1_20200601_160158/qnx_ap/qnx_bins/prebuilt_QNX700/target/qnx7/aarch64le/lib/crtn.o
 *(COMMON)
 COMMON         0x0000000000017068       0x40 main.o
                0x0000000000017068                int_event
                0x0000000000017088                _gpio_header
                0x00000000000170a4                intr_cnt
                0x00000000000170a8                . = ALIGN ((. != 0x0)?0x8:0x1)
                0x00000000000170a8                _bss_end__ = .
                0x00000000000170a8                __bss_end__ = .
                0x00000000000170a8                . = ALIGN (0x8)
                0x00000000000170a8                . = SEGMENT_START ("ldata-segment", .)
                0x00000000000170a8                . = ALIGN (0x8)
                0x00000000000170a8                __end__ = .
                0x00000000000170a8                _end = .
                [!provide]                        PROVIDE (end, .)
                0x00000000000170a8                . = DATA_SEGMENT_END (.)

.stab
 *(.stab)

.stabstr
 *(.stabstr)

.stab.excl
 *(.stab.excl)

.stab.exclstr
 *(.stab.exclstr)

.stab.index
 *(.stab.index)

.stab.indexstr
 *(.stab.indexstr)

.comment        0x0000000000000000       0x1f
 *(.comment)
 .comment       0x0000000000000000       0x1f /usr2/kukhkim/workspace/kukhkim/sevkh_02/kukhkim_QXA.QA.5.0.r1-00090-SA8155P.HYP-1_20200601_160158/qnx_ap/qnx_bins/prebuilt_QNX700/host/linux/x86_64/usr/lib/gcc/aarch64-unknown-nto-qnx7.0.0/5.4.0//crtbegin.o
                                         0x20 (size before relaxing)
 .comment       0x000000000000001f       0x20 main.o
 .comment       0x000000000000001f       0x20 /usr2/kukhkim/workspace/kukhkim/sevkh_02/kukhkim_QXA.QA.5.0.r1-00090-SA8155P.HYP-1_20200601_160158/qnx_ap/install/aarch64le/lib/libgpio_clientS.a(gpio_client.o)
 .comment       0x000000000000001f       0x20 /usr2/kukhkim/workspace/kukhkim/sevkh_02/kukhkim_QXA.QA.5.0.r1-00090-SA8155P.HYP-1_20200601_160158/qnx_ap/install/aarch64le/lib/libgpio_clientS.a(gpio_direct_access.o)
 .comment       0x000000000000001f       0x20 /usr2/kukhkim/workspace/kukhkim/sevkh_02/kukhkim_QXA.QA.5.0.r1-00090-SA8155P.HYP-1_20200601_160158/qnx_ap/install/aarch64le/lib/libgpio_clientS.a(pmic_gpio_logic.o)
 .comment       0x000000000000001f       0x20 /usr2/kukhkim/workspace/kukhkim/sevkh_02/kukhkim_QXA.QA.5.0.r1-00090-SA8155P.HYP-1_20200601_160158/qnx_ap/install/aarch64le/lib/libpmic_clientS.a(pm_gpio_client.o)
 .comment       0x000000000000001f       0x20 /usr2/kukhkim/workspace/kukhkim/sevkh_02/kukhkim_QXA.QA.5.0.r1-00090-SA8155P.HYP-1_20200601_160158/qnx_ap/install/aarch64le/lib/libspmi_clientS.a(spmi_client.o)
 .comment       0x000000000000001f       0x20 /usr2/kukhkim/workspace/kukhkim/sevkh_02/kukhkim_QXA.QA.5.0.r1-00090-SA8155P.HYP-1_20200601_160158/qnx_ap/qnx_bins/prebuilt_QNX700/host/linux/x86_64/usr/lib/gcc/aarch64-unknown-nto-qnx7.0.0/5.4.0//crtend.o

.ident          0x0000000000000000      0x138
 .ident         0x0000000000000000       0x68 /usr2/kukhkim/workspace/kukhkim/sevkh_02/kukhkim_QXA.QA.5.0.r1-00090-SA8155P.HYP-1_20200601_160158/qnx_ap/qnx_bins/prebuilt_QNX700/target/qnx7/aarch64le/lib/crt1.o
 .ident         0x0000000000000068       0x68 /usr2/kukhkim/workspace/kukhkim/sevkh_02/kukhkim_QXA.QA.5.0.r1-00090-SA8155P.HYP-1_20200601_160158/qnx_ap/qnx_bins/prebuilt_QNX700/target/qnx7/aarch64le/lib/crti.o
 .ident         0x00000000000000d0       0x68 /usr2/kukhkim/workspace/kukhkim/sevkh_02/kukhkim_QXA.QA.5.0.r1-00090-SA8155P.HYP-1_20200601_160158/qnx_ap/qnx_bins/prebuilt_QNX700/target/qnx7/aarch64le/lib/crtn.o

.debug
 *(.debug)

.line
 *(.line)

.debug_srcinfo
 *(.debug_srcinfo)

.debug_sfnames
 *(.debug_sfnames)

.debug_aranges  0x0000000000000000      0x160
 *(.debug_aranges)
 .debug_aranges
                0x0000000000000000       0x30 /usr2/kukhkim/workspace/kukhkim/sevkh_02/kukhkim_QXA.QA.5.0.r1-00090-SA8155P.HYP-1_20200601_160158/qnx_ap/qnx_bins/prebuilt_QNX700/target/qnx7/aarch64le/lib/crt1.o
 .debug_aranges
                0x0000000000000030       0x40 main.o
 .debug_aranges
                0x0000000000000070       0x30 /usr2/kukhkim/workspace/kukhkim/sevkh_02/kukhkim_QXA.QA.5.0.r1-00090-SA8155P.HYP-1_20200601_160158/qnx_ap/install/aarch64le/lib/libgpio_clientS.a(gpio_client.o)
 .debug_aranges
                0x00000000000000a0       0x30 /usr2/kukhkim/workspace/kukhkim/sevkh_02/kukhkim_QXA.QA.5.0.r1-00090-SA8155P.HYP-1_20200601_160158/qnx_ap/install/aarch64le/lib/libgpio_clientS.a(gpio_direct_access.o)
 .debug_aranges
                0x00000000000000d0       0x30 /usr2/kukhkim/workspace/kukhkim/sevkh_02/kukhkim_QXA.QA.5.0.r1-00090-SA8155P.HYP-1_20200601_160158/qnx_ap/install/aarch64le/lib/libgpio_clientS.a(pmic_gpio_logic.o)
 .debug_aranges
                0x0000000000000100       0x30 /usr2/kukhkim/workspace/kukhkim/sevkh_02/kukhkim_QXA.QA.5.0.r1-00090-SA8155P.HYP-1_20200601_160158/qnx_ap/install/aarch64le/lib/libpmic_clientS.a(pm_gpio_client.o)
 .debug_aranges
                0x0000000000000130       0x30 /usr2/kukhkim/workspace/kukhkim/sevkh_02/kukhkim_QXA.QA.5.0.r1-00090-SA8155P.HYP-1_20200601_160158/qnx_ap/install/aarch64le/lib/libspmi_clientS.a(spmi_client.o)

.debug_pubnames
 *(.debug_pubnames)

.debug_info     0x0000000000000000     0x85dc
 *(.debug_info .gnu.linkonce.wi.*)
 .debug_info    0x0000000000000000       0xb6 /usr2/kukhkim/workspace/kukhkim/sevkh_02/kukhkim_QXA.QA.5.0.r1-00090-SA8155P.HYP-1_20200601_160158/qnx_ap/qnx_bins/prebuilt_QNX700/target/qnx7/aarch64le/lib/crt1.o
 .debug_info    0x00000000000000b6     0x101a main.o
 .debug_info    0x00000000000010d0     0x15cc /usr2/kukhkim/workspace/kukhkim/sevkh_02/kukhkim_QXA.QA.5.0.r1-00090-SA8155P.HYP-1_20200601_160158/qnx_ap/install/aarch64le/lib/libgpio_clientS.a(gpio_client.o)
 .debug_info    0x000000000000269c      0x41e /usr2/kukhkim/workspace/kukhkim/sevkh_02/kukhkim_QXA.QA.5.0.r1-00090-SA8155P.HYP-1_20200601_160158/qnx_ap/install/aarch64le/lib/libgpio_clientS.a(gpio_direct_access.o)
 .debug_info    0x0000000000002aba     0x13aa /usr2/kukhkim/workspace/kukhkim/sevkh_02/kukhkim_QXA.QA.5.0.r1-00090-SA8155P.HYP-1_20200601_160158/qnx_ap/install/aarch64le/lib/libgpio_clientS.a(pmic_gpio_logic.o)
 .debug_info    0x0000000000003e64     0x2655 /usr2/kukhkim/workspace/kukhkim/sevkh_02/kukhkim_QXA.QA.5.0.r1-00090-SA8155P.HYP-1_20200601_160158/qnx_ap/install/aarch64le/lib/libpmic_clientS.a(pm_gpio_client.o)
 .debug_info    0x00000000000064b9     0x2123 /usr2/kukhkim/workspace/kukhkim/sevkh_02/kukhkim_QXA.QA.5.0.r1-00090-SA8155P.HYP-1_20200601_160158/qnx_ap/install/aarch64le/lib/libspmi_clientS.a(spmi_client.o)

.debug_abbrev   0x0000000000000000      0xe2e
 *(.debug_abbrev)
 .debug_abbrev  0x0000000000000000       0x14 /usr2/kukhkim/workspace/kukhkim/sevkh_02/kukhkim_QXA.QA.5.0.r1-00090-SA8155P.HYP-1_20200601_160158/qnx_ap/qnx_bins/prebuilt_QNX700/target/qnx7/aarch64le/lib/crt1.o
 .debug_abbrev  0x0000000000000014      0x284 main.o
 .debug_abbrev  0x0000000000000298      0x2e2 /usr2/kukhkim/workspace/kukhkim/sevkh_02/kukhkim_QXA.QA.5.0.r1-00090-SA8155P.HYP-1_20200601_160158/qnx_ap/install/aarch64le/lib/libgpio_clientS.a(gpio_client.o)
 .debug_abbrev  0x000000000000057a      0x187 /usr2/kukhkim/workspace/kukhkim/sevkh_02/kukhkim_QXA.QA.5.0.r1-00090-SA8155P.HYP-1_20200601_160158/qnx_ap/install/aarch64le/lib/libgpio_clientS.a(gpio_direct_access.o)
 .debug_abbrev  0x0000000000000701      0x1c2 /usr2/kukhkim/workspace/kukhkim/sevkh_02/kukhkim_QXA.QA.5.0.r1-00090-SA8155P.HYP-1_20200601_160158/qnx_ap/install/aarch64le/lib/libgpio_clientS.a(pmic_gpio_logic.o)
 .debug_abbrev  0x00000000000008c3      0x2ca /usr2/kukhkim/workspace/kukhkim/sevkh_02/kukhkim_QXA.QA.5.0.r1-00090-SA8155P.HYP-1_20200601_160158/qnx_ap/install/aarch64le/lib/libpmic_clientS.a(pm_gpio_client.o)
 .debug_abbrev  0x0000000000000b8d      0x2a1 /usr2/kukhkim/workspace/kukhkim/sevkh_02/kukhkim_QXA.QA.5.0.r1-00090-SA8155P.HYP-1_20200601_160158/qnx_ap/install/aarch64le/lib/libspmi_clientS.a(spmi_client.o)

.debug_line     0x0000000000000000     0x1fda
 *(.debug_line .debug_line.* .debug_line_end)
 .debug_line    0x0000000000000000       0x9a /usr2/kukhkim/workspace/kukhkim/sevkh_02/kukhkim_QXA.QA.5.0.r1-00090-SA8155P.HYP-1_20200601_160158/qnx_ap/qnx_bins/prebuilt_QNX700/target/qnx7/aarch64le/lib/crt1.o
 .debug_line    0x000000000000009a      0x49c main.o
 .debug_line    0x0000000000000536      0x648 /usr2/kukhkim/workspace/kukhkim/sevkh_02/kukhkim_QXA.QA.5.0.r1-00090-SA8155P.HYP-1_20200601_160158/qnx_ap/install/aarch64le/lib/libgpio_clientS.a(gpio_client.o)
 .debug_line    0x0000000000000b7e      0x294 /usr2/kukhkim/workspace/kukhkim/sevkh_02/kukhkim_QXA.QA.5.0.r1-00090-SA8155P.HYP-1_20200601_160158/qnx_ap/install/aarch64le/lib/libgpio_clientS.a(gpio_direct_access.o)
 .debug_line    0x0000000000000e12      0x41f /usr2/kukhkim/workspace/kukhkim/sevkh_02/kukhkim_QXA.QA.5.0.r1-00090-SA8155P.HYP-1_20200601_160158/qnx_ap/install/aarch64le/lib/libgpio_clientS.a(pmic_gpio_logic.o)
 .debug_line    0x0000000000001231      0x6cc /usr2/kukhkim/workspace/kukhkim/sevkh_02/kukhkim_QXA.QA.5.0.r1-00090-SA8155P.HYP-1_20200601_160158/qnx_ap/install/aarch64le/lib/libpmic_clientS.a(pm_gpio_client.o)
 .debug_line    0x00000000000018fd      0x6dd /usr2/kukhkim/workspace/kukhkim/sevkh_02/kukhkim_QXA.QA.5.0.r1-00090-SA8155P.HYP-1_20200601_160158/qnx_ap/install/aarch64le/lib/libspmi_clientS.a(spmi_client.o)

.debug_frame    0x0000000000000000      0xca0
 *(.debug_frame)
 .debug_frame   0x0000000000000000       0xa8 main.o
 .debug_frame   0x00000000000000a8      0x288 /usr2/kukhkim/workspace/kukhkim/sevkh_02/kukhkim_QXA.QA.5.0.r1-00090-SA8155P.HYP-1_20200601_160158/qnx_ap/install/aarch64le/lib/libgpio_clientS.a(gpio_client.o)
 .debug_frame   0x0000000000000330      0x128 /usr2/kukhkim/workspace/kukhkim/sevkh_02/kukhkim_QXA.QA.5.0.r1-00090-SA8155P.HYP-1_20200601_160158/qnx_ap/install/aarch64le/lib/libgpio_clientS.a(gpio_direct_access.o)
 .debug_frame   0x0000000000000458      0x120 /usr2/kukhkim/workspace/kukhkim/sevkh_02/kukhkim_QXA.QA.5.0.r1-00090-SA8155P.HYP-1_20200601_160158/qnx_ap/install/aarch64le/lib/libgpio_clientS.a(pmic_gpio_logic.o)
 .debug_frame   0x0000000000000578      0x450 /usr2/kukhkim/workspace/kukhkim/sevkh_02/kukhkim_QXA.QA.5.0.r1-00090-SA8155P.HYP-1_20200601_160158/qnx_ap/install/aarch64le/lib/libpmic_clientS.a(pm_gpio_client.o)
 .debug_frame   0x00000000000009c8      0x2d8 /usr2/kukhkim/workspace/kukhkim/sevkh_02/kukhkim_QXA.QA.5.0.r1-00090-SA8155P.HYP-1_20200601_160158/qnx_ap/install/aarch64le/lib/libspmi_clientS.a(spmi_client.o)

.debug_str      0x0000000000000000     0x3d8c
 *(.debug_str)
 .debug_str     0x0000000000000000      0x737 main.o
                                        0x7fa (size before relaxing)
 .debug_str     0x0000000000000737     0x1f7e /usr2/kukhkim/workspace/kukhkim/sevkh_02/kukhkim_QXA.QA.5.0.r1-00090-SA8155P.HYP-1_20200601_160158/qnx_ap/install/aarch64le/lib/libgpio_clientS.a(gpio_client.o)
                                       0x210c (size before relaxing)
 .debug_str     0x00000000000026b5      0x153 /usr2/kukhkim/workspace/kukhkim/sevkh_02/kukhkim_QXA.QA.5.0.r1-00090-SA8155P.HYP-1_20200601_160158/qnx_ap/install/aarch64le/lib/libgpio_clientS.a(gpio_direct_access.o)
                                        0x40e (size before relaxing)
 .debug_str     0x0000000000002808      0xd67 /usr2/kukhkim/workspace/kukhkim/sevkh_02/kukhkim_QXA.QA.5.0.r1-00090-SA8155P.HYP-1_20200601_160158/qnx_ap/install/aarch64le/lib/libgpio_clientS.a(pmic_gpio_logic.o)
                                       0x2b6e (size before relaxing)
 .debug_str     0x000000000000356f      0x4d9 /usr2/kukhkim/workspace/kukhkim/sevkh_02/kukhkim_QXA.QA.5.0.r1-00090-SA8155P.HYP-1_20200601_160158/qnx_ap/install/aarch64le/lib/libpmic_clientS.a(pm_gpio_client.o)
                                       0x2ec3 (size before relaxing)
 .debug_str     0x0000000000003a48      0x344 /usr2/kukhkim/workspace/kukhkim/sevkh_02/kukhkim_QXA.QA.5.0.r1-00090-SA8155P.HYP-1_20200601_160158/qnx_ap/install/aarch64le/lib/libspmi_clientS.a(spmi_client.o)
                                       0x21ed (size before relaxing)

.debug_loc      0x0000000000000000     0x56e8
 *(.debug_loc)
 .debug_loc     0x0000000000000000      0x50f main.o
 .debug_loc     0x000000000000050f      0xe3a /usr2/kukhkim/workspace/kukhkim/sevkh_02/kukhkim_QXA.QA.5.0.r1-00090-SA8155P.HYP-1_20200601_160158/qnx_ap/install/aarch64le/lib/libgpio_clientS.a(gpio_client.o)
 .debug_loc     0x0000000000001349      0x445 /usr2/kukhkim/workspace/kukhkim/sevkh_02/kukhkim_QXA.QA.5.0.r1-00090-SA8155P.HYP-1_20200601_160158/qnx_ap/install/aarch64le/lib/libgpio_clientS.a(gpio_direct_access.o)
 .debug_loc     0x000000000000178e      0x673 /usr2/kukhkim/workspace/kukhkim/sevkh_02/kukhkim_QXA.QA.5.0.r1-00090-SA8155P.HYP-1_20200601_160158/qnx_ap/install/aarch64le/lib/libgpio_clientS.a(pmic_gpio_logic.o)
 .debug_loc     0x0000000000001e01     0x186f /usr2/kukhkim/workspace/kukhkim/sevkh_02/kukhkim_QXA.QA.5.0.r1-00090-SA8155P.HYP-1_20200601_160158/qnx_ap/install/aarch64le/lib/libpmic_clientS.a(pm_gpio_client.o)
 .debug_loc     0x0000000000003670     0x2078 /usr2/kukhkim/workspace/kukhkim/sevkh_02/kukhkim_QXA.QA.5.0.r1-00090-SA8155P.HYP-1_20200601_160158/qnx_ap/install/aarch64le/lib/libspmi_clientS.a(spmi_client.o)

.debug_macinfo
 *(.debug_macinfo)

.debug_weaknames
 *(.debug_weaknames)

.debug_funcnames
 *(.debug_funcnames)

.debug_typenames
 *(.debug_typenames)

.debug_varnames
 *(.debug_varnames)

.debug_pubtypes
 *(.debug_pubtypes)

.debug_ranges   0x0000000000000000      0x3f0
 *(.debug_ranges)
 .debug_ranges  0x0000000000000000      0x130 main.o
 .debug_ranges  0x0000000000000130       0xd0 /usr2/kukhkim/workspace/kukhkim/sevkh_02/kukhkim_QXA.QA.5.0.r1-00090-SA8155P.HYP-1_20200601_160158/qnx_ap/install/aarch64le/lib/libgpio_clientS.a(gpio_client.o)
 .debug_ranges  0x0000000000000200       0x70 /usr2/kukhkim/workspace/kukhkim/sevkh_02/kukhkim_QXA.QA.5.0.r1-00090-SA8155P.HYP-1_20200601_160158/qnx_ap/install/aarch64le/lib/libgpio_clientS.a(gpio_direct_access.o)
 .debug_ranges  0x0000000000000270       0x60 /usr2/kukhkim/workspace/kukhkim/sevkh_02/kukhkim_QXA.QA.5.0.r1-00090-SA8155P.HYP-1_20200601_160158/qnx_ap/install/aarch64le/lib/libpmic_clientS.a(pm_gpio_client.o)
 .debug_ranges  0x00000000000002d0      0x120 /usr2/kukhkim/workspace/kukhkim/sevkh_02/kukhkim_QXA.QA.5.0.r1-00090-SA8155P.HYP-1_20200601_160158/qnx_ap/install/aarch64le/lib/libspmi_clientS.a(spmi_client.o)

.debug_macro
 *(.debug_macro)

.ARM.attributes
 *(.ARM.attributes)
 *(.gnu.attributes)

.note.gnu.arm.ident
 *(.note.gnu.arm.ident)

/DISCARD/
 *(.note.GNU-stack)
 *(.gnu_debuglink)
 *(.gnu.lto_*)
OUTPUT(/local2/mnt/workspace/kukhkim/sevkh_02/kukhkim_QXA.QA.5.0.r1-00090-SA8155P.HYP-1_20200601_160158/qnx_ap/test/platform/ipc_test/aarch64/o-le/ipc_test elf64-littleaarch64)
